../Drivers/CMSIS/Include/core_cm3.h:1762:34:__NVIC_SystemReset	4	static,ignoring_inline_asm
../Core/Src/main.c:136:5:main	56	static
../Core/Src/main.c:242:6:SystemClock_Config	80	static
../Core/Src/main.c:281:6:LD2Flip	8	static
../Core/Src/main.c:294:6:SetBootFlag	16	static
../Core/Src/main.c:304:6:SendFirmwareStartedMessage	8	static
../Core/Src/main.c:324:6:NVIC_Config	8	static
../Core/Src/main.c:330:6:ProcessFirmwareSizeMessage	16	static
../Core/Src/main.c:340:6:HAL_CAN_RxFifo0MsgPendingCallback	56	static
../Core/Src/main.c:367:6:EraseFlashMemory	32	static
../Core/Src/main.c:389:6:StartFirmwareUpdate	8	static
../Core/Src/main.c:404:6:SendInactivePartitionAddress	16	static
../Core/Src/main.c:427:6:SendUpdateState	8	static
../Core/Src/main.c:448:9:MessageBufferIsFull	4	static
../Core/Src/main.c:453:9:MessageBufferIsEmpty	4	static
../Core/Src/main.c:458:6:MessageBufferPut	24	static
../Core/Src/main.c:468:6:MessageBufferGet	24	static
../Core/Src/main.c:478:6:FirmwareUpdateStateMachine	72	static
../Core/Src/main.c:577:6:Error_Handler	8	static,ignoring_inline_asm
