../Drivers/CMSIS/Include/core_cm3.h:1762:34:__NVIC_SystemReset	4	static,ignoring_inline_asm
../Core/Src/main.c:139:5:main	56	static
../Core/Src/main.c:247:6:SystemClock_Config	80	static
../Core/Src/main.c:286:6:LD2Flip	8	static
../Core/Src/main.c:299:6:SetBootFlag	16	static
../Core/Src/main.c:309:6:SendFirmwareStartedMessage	8	static
../Core/Src/main.c:329:6:NVIC_Config	8	static
../Core/Src/main.c:335:6:ProcessFirmwareSizeMessage	16	static
../Core/Src/main.c:345:6:HAL_CAN_RxFifo0MsgPendingCallback	56	static
../Core/Src/main.c:382:6:EraseFlashMemory	32	static
../Core/Src/main.c:404:6:StartFirmwareUpdate	8	static
../Core/Src/main.c:419:6:SendInactivePartitionAddress	16	static
../Core/Src/main.c:442:6:SendUpdateState	8	static
../Core/Src/main.c:463:9:MessageBufferIsFull	4	static
../Core/Src/main.c:468:9:MessageBufferIsEmpty	4	static
../Core/Src/main.c:473:6:MessageBufferPut	24	static
../Core/Src/main.c:483:6:MessageBufferGet	24	static
../Core/Src/main.c:493:6:FirmwareUpdateStateMachine	64	static
../Core/Src/main.c:587:6:Error_Handler	8	static,ignoring_inline_asm
