Archive member included to satisfy reference by file (symbol)

C:/ST/STM32CubeIDE_1.17.0/STM32CubeIDE/plugins/com.st.stm32cube.ide.mcu.externaltools.gnu-tools-for-stm32.12.3.rel1.win32_1.1.0.202410251130/tools/bin/../lib/gcc/arm-none-eabi/12.3.1/../../../../arm-none-eabi/lib/thumb/v7-m/nofp\libc_nano.a(libc_a-exit.o)
                              C:/ST/STM32CubeIDE_1.17.0/STM32CubeIDE/plugins/com.st.stm32cube.ide.mcu.externaltools.gnu-tools-for-stm32.12.3.rel1.win32_1.1.0.202410251130/tools/bin/../lib/gcc/arm-none-eabi/12.3.1/../../../../arm-none-eabi/lib/thumb/v7-m/nofp/crt0.o (exit)
C:/ST/STM32CubeIDE_1.17.0/STM32CubeIDE/plugins/com.st.stm32cube.ide.mcu.externaltools.gnu-tools-for-stm32.12.3.rel1.win32_1.1.0.202410251130/tools/bin/../lib/gcc/arm-none-eabi/12.3.1/../../../../arm-none-eabi/lib/thumb/v7-m/nofp\libc_nano.a(libc_a-findfp.o)
                              C:/ST/STM32CubeIDE_1.17.0/STM32CubeIDE/plugins/com.st.stm32cube.ide.mcu.externaltools.gnu-tools-for-stm32.12.3.rel1.win32_1.1.0.202410251130/tools/bin/../lib/gcc/arm-none-eabi/12.3.1/../../../../arm-none-eabi/lib/thumb/v7-m/nofp\libc_nano.a(libc_a-exit.o) (__stdio_exit_handler)
C:/ST/STM32CubeIDE_1.17.0/STM32CubeIDE/plugins/com.st.stm32cube.ide.mcu.externaltools.gnu-tools-for-stm32.12.3.rel1.win32_1.1.0.202410251130/tools/bin/../lib/gcc/arm-none-eabi/12.3.1/../../../../arm-none-eabi/lib/thumb/v7-m/nofp\libc_nano.a(libc_a-fwalk.o)
                              C:/ST/STM32CubeIDE_1.17.0/STM32CubeIDE/plugins/com.st.stm32cube.ide.mcu.externaltools.gnu-tools-for-stm32.12.3.rel1.win32_1.1.0.202410251130/tools/bin/../lib/gcc/arm-none-eabi/12.3.1/../../../../arm-none-eabi/lib/thumb/v7-m/nofp\libc_nano.a(libc_a-findfp.o) (_fwalk_sglue)
C:/ST/STM32CubeIDE_1.17.0/STM32CubeIDE/plugins/com.st.stm32cube.ide.mcu.externaltools.gnu-tools-for-stm32.12.3.rel1.win32_1.1.0.202410251130/tools/bin/../lib/gcc/arm-none-eabi/12.3.1/../../../../arm-none-eabi/lib/thumb/v7-m/nofp\libc_nano.a(libc_a-stdio.o)
                              C:/ST/STM32CubeIDE_1.17.0/STM32CubeIDE/plugins/com.st.stm32cube.ide.mcu.externaltools.gnu-tools-for-stm32.12.3.rel1.win32_1.1.0.202410251130/tools/bin/../lib/gcc/arm-none-eabi/12.3.1/../../../../arm-none-eabi/lib/thumb/v7-m/nofp\libc_nano.a(libc_a-findfp.o) (__sread)
C:/ST/STM32CubeIDE_1.17.0/STM32CubeIDE/plugins/com.st.stm32cube.ide.mcu.externaltools.gnu-tools-for-stm32.12.3.rel1.win32_1.1.0.202410251130/tools/bin/../lib/gcc/arm-none-eabi/12.3.1/../../../../arm-none-eabi/lib/thumb/v7-m/nofp\libc_nano.a(libc_a-memcmp.o)
                              ./Core/Src/main.o (memcmp)
C:/ST/STM32CubeIDE_1.17.0/STM32CubeIDE/plugins/com.st.stm32cube.ide.mcu.externaltools.gnu-tools-for-stm32.12.3.rel1.win32_1.1.0.202410251130/tools/bin/../lib/gcc/arm-none-eabi/12.3.1/../../../../arm-none-eabi/lib/thumb/v7-m/nofp\libc_nano.a(libc_a-memset.o)
                              C:/ST/STM32CubeIDE_1.17.0/STM32CubeIDE/plugins/com.st.stm32cube.ide.mcu.externaltools.gnu-tools-for-stm32.12.3.rel1.win32_1.1.0.202410251130/tools/bin/../lib/gcc/arm-none-eabi/12.3.1/../../../../arm-none-eabi/lib/thumb/v7-m/nofp/crt0.o (memset)
C:/ST/STM32CubeIDE_1.17.0/STM32CubeIDE/plugins/com.st.stm32cube.ide.mcu.externaltools.gnu-tools-for-stm32.12.3.rel1.win32_1.1.0.202410251130/tools/bin/../lib/gcc/arm-none-eabi/12.3.1/../../../../arm-none-eabi/lib/thumb/v7-m/nofp\libc_nano.a(libc_a-closer.o)
                              C:/ST/STM32CubeIDE_1.17.0/STM32CubeIDE/plugins/com.st.stm32cube.ide.mcu.externaltools.gnu-tools-for-stm32.12.3.rel1.win32_1.1.0.202410251130/tools/bin/../lib/gcc/arm-none-eabi/12.3.1/../../../../arm-none-eabi/lib/thumb/v7-m/nofp\libc_nano.a(libc_a-stdio.o) (_close_r)
C:/ST/STM32CubeIDE_1.17.0/STM32CubeIDE/plugins/com.st.stm32cube.ide.mcu.externaltools.gnu-tools-for-stm32.12.3.rel1.win32_1.1.0.202410251130/tools/bin/../lib/gcc/arm-none-eabi/12.3.1/../../../../arm-none-eabi/lib/thumb/v7-m/nofp\libc_nano.a(libc_a-reent.o)
                              C:/ST/STM32CubeIDE_1.17.0/STM32CubeIDE/plugins/com.st.stm32cube.ide.mcu.externaltools.gnu-tools-for-stm32.12.3.rel1.win32_1.1.0.202410251130/tools/bin/../lib/gcc/arm-none-eabi/12.3.1/../../../../arm-none-eabi/lib/thumb/v7-m/nofp\libc_nano.a(libc_a-closer.o) (errno)
C:/ST/STM32CubeIDE_1.17.0/STM32CubeIDE/plugins/com.st.stm32cube.ide.mcu.externaltools.gnu-tools-for-stm32.12.3.rel1.win32_1.1.0.202410251130/tools/bin/../lib/gcc/arm-none-eabi/12.3.1/../../../../arm-none-eabi/lib/thumb/v7-m/nofp\libc_nano.a(libc_a-impure.o)
                              C:/ST/STM32CubeIDE_1.17.0/STM32CubeIDE/plugins/com.st.stm32cube.ide.mcu.externaltools.gnu-tools-for-stm32.12.3.rel1.win32_1.1.0.202410251130/tools/bin/../lib/gcc/arm-none-eabi/12.3.1/../../../../arm-none-eabi/lib/thumb/v7-m/nofp\libc_nano.a(libc_a-reent.o) (_impure_ptr)
[...]
Memory Configuration

Name             Origin             Length             Attributes
RAM              0x20000000         0x00005000         xrw
FLASH            0x08008000         0x0000c000         xrw
*default*        0x00000000         0xffffffff

Linker script and memory map

LOAD C:/ST/STM32CubeIDE_1.17.0/STM32CubeIDE/plugins/com.st.stm32cube.ide.mcu.externaltools.gnu-tools-for-stm32.12.3.rel1.win32_1.1.0.202410251130/tools/bin/../lib/gcc/arm-none-eabi/12.3.1/thumb/v7-m/nofp/crti.o
LOAD C:/ST/STM32CubeIDE_1.17.0/STM32CubeIDE/plugins/com.st.stm32cube.ide.mcu.externaltools.gnu-tools-for-stm32.12.3.rel1.win32_1.1.0.202410251130/tools/bin/../lib/gcc/arm-none-eabi/12.3.1/thumb/v7-m/nofp/crtbegin.o
LOAD C:/ST/STM32CubeIDE_1.17.0/STM32CubeIDE/plugins/com.st.stm32cube.ide.mcu.externaltools.gnu-tools-for-stm32.12.3.rel1.win32_1.1.0.202410251130/tools/bin/../lib/gcc/arm-none-eabi/12.3.1/../../../../arm-none-eabi/lib/thumb/v7-m/nofp/crt0.o
LOAD ./Core/Src/can.o
LOAD ./Core/Src/gpio.o
LOAD ./Core/Src/main.o
LOAD ./Core/Src/stm32f1xx_hal_msp.o
LOAD ./Core/Src/stm32f1xx_it.o
LOAD ./Core/Src/syscalls.o
LOAD ./Core/Src/sysmem.o
LOAD ./Core/Src/system_stm32f1xx.o
LOAD ./Core/Src/usart.o
LOAD ./Core/Startup/startup_stm32f103rbtx.o
LOAD ./Drivers/STM32F1xx_HAL_Driver/Src/stm32f1xx_hal.o
LOAD ./Drivers/STM32F1xx_HAL_Driver/Src/stm32f1xx_hal_can.o
LOAD ./Drivers/STM32F1xx_HAL_Driver/Src/stm32f1xx_hal_cortex.o
LOAD ./Drivers/STM32F1xx_HAL_Driver/Src/stm32f1xx_hal_dma.o
LOAD ./Drivers/STM32F1xx_HAL_Driver/Src/stm32f1xx_hal_exti.o
LOAD ./Drivers/STM32F1xx_HAL_Driver/Src/stm32f1xx_hal_flash.o
LOAD ./Drivers/STM32F1xx_HAL_Driver/Src/stm32f1xx_hal_flash_ex.o
LOAD ./Drivers/STM32F1xx_HAL_Driver/Src/stm32f1xx_hal_gpio.o
LOAD ./Drivers/STM32F1xx_HAL_Driver/Src/stm32f1xx_hal_gpio_ex.o
LOAD ./Drivers/STM32F1xx_HAL_Driver/Src/stm32f1xx_hal_pwr.o
LOAD ./Drivers/STM32F1xx_HAL_Driver/Src/stm32f1xx_hal_rcc.o
LOAD ./Drivers/STM32F1xx_HAL_Driver/Src/stm32f1xx_hal_rcc_ex.o
LOAD ./Drivers/STM32F1xx_HAL_Driver/Src/stm32f1xx_hal_uart.o
START GROUP
LOAD C:/ST/STM32CubeIDE_1.17.0/STM32CubeIDE/plugins/com.st.stm32cube.ide.mcu.externaltools.gnu-tools-for-stm32.12.3.rel1.win32_1.1.0.202410251130/tools/bin/../lib/gcc/arm-none-eabi/12.3.1/../../../../arm-none-eabi/lib/thumb/v7-m/nofp\libc_nano.a
LOAD C:/ST/STM32CubeIDE_1.17.0/STM32CubeIDE/plugins/com.st.stm32cube.ide.mcu.externaltools.gnu-tools-for-stm32.12.3.rel1.win32_1.1.0.202410251130/tools/bin/../lib/gcc/arm-none-eabi/12.3.1/../../../../arm-none-eabi/lib/thumb/v7-m/nofp\libm.a
END GROUP
START GROUP
LOAD C:/ST/STM32CubeIDE_1.17.0/STM32CubeIDE/plugins/com.st.stm32cube.ide.mcu.externaltools.gnu-tools-for-stm32.12.3.rel1.win32_1.1.0.202410251130/tools/bin/../lib/gcc/arm-none-eabi/12.3.1/thumb/v7-m/nofp\libgcc.a
LOAD C:/ST/STM32CubeIDE_1.17.0/STM32CubeIDE/plugins/com.st.stm32cube.ide.mcu.externaltools.gnu-tools-for-stm32.12.3.rel1.win32_1.1.0.202410251130/tools/bin/../lib/gcc/arm-none-eabi/12.3.1/../../../../arm-none-eabi/lib/thumb/v7-m/nofp\libc_nano.a
END GROUP
START GROUP
LOAD C:/ST/STM32CubeIDE_1.17.0/STM32CubeIDE/plugins/com.st.stm32cube.ide.mcu.externaltools.gnu-tools-for-stm32.12.3.rel1.win32_1.1.0.202410251130/tools/bin/../lib/gcc/arm-none-eabi/12.3.1/thumb/v7-m/nofp\libgcc.a
LOAD C:/ST/STM32CubeIDE_1.17.0/STM32CubeIDE/plugins/com.st.stm32cube.ide.mcu.externaltools.gnu-tools-for-stm32.12.3.rel1.win32_1.1.0.202410251130/tools/bin/../lib/gcc/arm-none-eabi/12.3.1/../../../../arm-none-eabi/lib/thumb/v7-m/nofp\libc_nano.a
LOAD C:/ST/STM32CubeIDE_1.17.0/STM32CubeIDE/plugins/com.st.stm32cube.ide.mcu.externaltools.gnu-tools-for-stm32.12.3.rel1.win32_1.1.0.202410251130/tools/bin/../lib/gcc/arm-none-eabi/12.3.1/../../../../arm-none-eabi/lib/thumb/v7-m/nofp\libnosys.a
END GROUP
START GROUP
LOAD C:/ST/STM32CubeIDE_1.17.0/STM32CubeIDE/plugins/com.st.stm32cube.ide.mcu.externaltools.gnu-tools-for-stm32.12.3.rel1.win32_1.1.0.202410251130/tools/bin/../lib/gcc/arm-none-eabi/12.3.1/thumb/v7-m/nofp\libgcc.a
LOAD C:/ST/STM32CubeIDE_1.17.0/STM32CubeIDE/plugins/com.st.stm32cube.ide.mcu.externaltools.gnu-tools-for-stm32.12.3.rel1.win32_1.1.0.202410251130/tools/bin/../lib/gcc/arm-none-eabi/12.3.1/../../../../arm-none-eabi/lib/thumb/v7-m/nofp\libc_nano.a
LOAD C:/ST/STM32CubeIDE_1.17.0/STM32CubeIDE/plugins/com.st.stm32cube.ide.mcu.externaltools.gnu-tools-for-stm32.12.3.rel1.win32_1.1.0.202410251130/tools/bin/../lib/gcc/arm-none-eabi/12.3.1/../../../../arm-none-eabi/lib/thumb/v7-m/nofp\libnosys.a
END GROUP
LOAD C:/ST/STM32CubeIDE_1.17.0/STM32CubeIDE/plugins/com.st.stm32cube.ide.mcu.externaltools.gnu-tools-for-stm32.12.3.rel1.win32_1.1.0.202410251130/tools/bin/../lib/gcc/arm-none-eabi/12.3.1/thumb/v7-m/nofp/crtend.o
LOAD C:/ST/STM32CubeIDE_1.17.0/STM32CubeIDE/plugins/com.st.stm32cube.ide.mcu.externaltools.gnu-tools-for-stm32.12.3.rel1.win32_1.1.0.202410251130/tools/bin/../lib/gcc/arm-none-eabi/12.3.1/thumb/v7-m/nofp/crtn.o
                0x20005000                        _estack = (ORIGIN (RAM) + LENGTH (RAM))
                0x00000200                        _Min_Heap_Size = 0x200
                0x00000400                        _Min_Stack_Size = 0x400

.isr_vector     0x08008000      0x10c
                0x08008000                        . = ALIGN (0x4)
 *(.isr_vector)
 .isr_vector    0x08008000      0x10c ./Core/Startup/startup_stm32f103rbtx.o
                0x08008000                g_pfnVectors
                0x0800810c                        . = ALIGN (0x4)

.text           0x0800810c     0x3298
                0x0800810c                        . = ALIGN (0x4)
 *(.text)
 .text          0x0800810c       0x40 C:/ST/STM32CubeIDE_1.17.0/STM32CubeIDE/plugins/com.st.stm32cube.ide.mcu.externaltools.gnu-tools-for-stm32.12.3.rel1.win32_1.1.0.202410251130/tools/bin/../lib/gcc/arm-none-eabi/12.3.1/thumb/v7-m/nofp/crtbegin.o
 *(.text*)
 .text.MX_CAN_Init
                0x0800814c       0x90 ./Core/Src/can.o
                0x0800814c                MX_CAN_Init
 .text.HAL_CAN_MspInit
                0x080081dc       0xb8 ./Core/Src/can.o
                0x080081dc                HAL_CAN_MspInit
 .text.MX_GPIO_Init
                0x08008294       0xdc ./Core/Src/gpio.o
                0x08008294                MX_GPIO_Init
 .text.__NVIC_SystemReset
                0x08008370       0x2c ./Core/Src/main.o
 .text.main     0x0800839c      0x134 ./Core/Src/main.o
                0x0800839c                main
 .text.SystemClock_Config
                0x080084d0       0xcc ./Core/Src/main.o
                0x080084d0                SystemClock_Config
 .text.LD2Flip  0x0800859c       0x44 ./Core/Src/main.o
                0x0800859c                LD2Flip
 .text.SetBootFlag
                0x080085e0       0x4c ./Core/Src/main.o
                0x080085e0                SetBootFlag
 .text.SendFirmwareStartedMessage
                0x0800862c       0x64 ./Core/Src/main.o
                0x0800862c                SendFirmwareStartedMessage
 .text.NVIC_Config
                0x08008690       0x18 ./Core/Src/main.o
                0x08008690                NVIC_Config
 .text.ProcessFirmwareSizeMessage
                0x080086a8       0x48 ./Core/Src/main.o
                0x080086a8                ProcessFirmwareSizeMessage
 .text.HAL_CAN_RxFifo0MsgPendingCallback
                0x080086f0       0xc8 ./Core/Src/main.o
                0x080086f0                HAL_CAN_RxFifo0MsgPendingCallback
 .text.EraseFlashMemory
                0x080087b8       0x54 ./Core/Src/main.o
                0x080087b8                EraseFlashMemory
 .text.StartFirmwareUpdate
                0x0800880c       0x40 ./Core/Src/main.o
                0x0800880c                StartFirmwareUpdate
 .text.SendInactivePartitionAddress
                0x0800884c       0x94 ./Core/Src/main.o
                0x0800884c                SendInactivePartitionAddress
 .text.SendUpdateState
                0x080088e0       0x78 ./Core/Src/main.o
                0x080088e0                SendUpdateState
 .text.MessageBufferIsFull
                0x08008958       0x3c ./Core/Src/main.o
                0x08008958                MessageBufferIsFull
 .text.MessageBufferIsEmpty
                0x08008994       0x2c ./Core/Src/main.o
                0x08008994                MessageBufferIsEmpty
 .text.MessageBufferPut
                0x080089c0       0x88 ./Core/Src/main.o
                0x080089c0                MessageBufferPut
 .text.MessageBufferGet
                0x08008a48       0x88 ./Core/Src/main.o
                0x08008a48                MessageBufferGet
 .text.FirmwareUpdateStateMachine
                0x08008ad0      0x200 ./Core/Src/main.o
                0x08008ad0                FirmwareUpdateStateMachine
 .text.Error_Handler
                0x08008cd0       0x20 ./Core/Src/main.o
                0x08008cd0                Error_Handler
 .text.HAL_MspInit
                0x08008cf0       0x64 ./Core/Src/stm32f1xx_hal_msp.o
                0x08008cf0                HAL_MspInit
 .text.NMI_Handler
                0x08008d54        0x8 ./Core/Src/stm32f1xx_it.o
                0x08008d54                NMI_Handler
 .text.HardFault_Handler
                0x08008d5c        0x8 ./Core/Src/stm32f1xx_it.o
                0x08008d5c                HardFault_Handler
 .text.MemManage_Handler
                0x08008d64        0x8 ./Core/Src/stm32f1xx_it.o
                0x08008d64                MemManage_Handler
 .text.BusFault_Handler
                0x08008d6c        0x8 ./Core/Src/stm32f1xx_it.o
                0x08008d6c                BusFault_Handler
 .text.UsageFault_Handler
                0x08008d74        0x8 ./Core/Src/stm32f1xx_it.o
                0x08008d74                UsageFault_Handler
 .text.SVC_Handler
                0x08008d7c        0xc ./Core/Src/stm32f1xx_it.o
                0x08008d7c                SVC_Handler
 .text.DebugMon_Handler
                0x08008d88        0xc ./Core/Src/stm32f1xx_it.o
                0x08008d88                DebugMon_Handler
 .text.PendSV_Handler
                0x08008d94        0xc ./Core/Src/stm32f1xx_it.o
                0x08008d94                PendSV_Handler
 .text.SysTick_Handler
                0x08008da0        0xc ./Core/Src/stm32f1xx_it.o
                0x08008da0                SysTick_Handler
 .text.USB_LP_CAN1_RX0_IRQHandler
                0x08008dac       0x14 ./Core/Src/stm32f1xx_it.o
                0x08008dac                USB_LP_CAN1_RX0_IRQHandler
 .text.CAN1_RX1_IRQHandler
                0x08008dc0       0x14 ./Core/Src/stm32f1xx_it.o
                0x08008dc0                CAN1_RX1_IRQHandler
 .text.EXTI15_10_IRQHandler
                0x08008dd4       0x10 ./Core/Src/stm32f1xx_it.o
                0x08008dd4                EXTI15_10_IRQHandler
 .text.SystemInit
                0x08008de4        0xc ./Core/Src/system_stm32f1xx.o
                0x08008de4                SystemInit
 .text.MX_USART2_UART_Init
                0x08008df0       0x54 ./Core/Src/usart.o
                0x08008df0                MX_USART2_UART_Init
 .text.HAL_UART_MspInit
                0x08008e44       0x7c ./Core/Src/usart.o
                0x08008e44                HAL_UART_MspInit
 .text.Reset_Handler
                0x08008ec0       0x48 ./Core/Startup/startup_stm32f103rbtx.o
                0x08008ec0                Reset_Handler
 .text.Default_Handler
                0x08008f08        0x2 ./Core/Startup/startup_stm32f103rbtx.o
                0x08008f08                RTC_Alarm_IRQHandler
                0x08008f08                EXTI2_IRQHandler
                0x08008f08                TIM1_CC_IRQHandler
                0x08008f08                PVD_IRQHandler
                0x08008f08                EXTI3_IRQHandler
                0x08008f08                EXTI0_IRQHandler
                0x08008f08                I2C2_EV_IRQHandler
                0x08008f08                ADC1_2_IRQHandler
                0x08008f08                SPI1_IRQHandler
                0x08008f08                TAMPER_IRQHandler
                0x08008f08                DMA1_Channel4_IRQHandler
                0x08008f08                USART3_IRQHandler
                0x08008f08                RTC_IRQHandler
                0x08008f08                DMA1_Channel7_IRQHandler
                0x08008f08                TIM4_IRQHandler
                0x08008f08                I2C1_EV_IRQHandler
                0x08008f08                DMA1_Channel6_IRQHandler
                0x08008f08                TIM3_IRQHandler
                0x08008f08                RCC_IRQHandler
                0x08008f08                TIM1_TRG_COM_IRQHandler
                0x08008f08                DMA1_Channel1_IRQHandler
                0x08008f08                Default_Handler
                0x08008f08                EXTI9_5_IRQHandler
                0x08008f08                SPI2_IRQHandler
                0x08008f08                DMA1_Channel5_IRQHandler
                0x08008f08                EXTI4_IRQHandler
                0x08008f08                USB_HP_CAN1_TX_IRQHandler
                0x08008f08                DMA1_Channel3_IRQHandler
                0x08008f08                TIM1_UP_IRQHandler
                0x08008f08                WWDG_IRQHandler
                0x08008f08                TIM2_IRQHandler
                0x08008f08                TIM1_BRK_IRQHandler
                0x08008f08                EXTI1_IRQHandler
                0x08008f08                USART2_IRQHandler
                0x08008f08                I2C2_ER_IRQHandler
                0x08008f08                DMA1_Channel2_IRQHandler
                0x08008f08                CAN1_SCE_IRQHandler
                0x08008f08                FLASH_IRQHandler
                0x08008f08                USART1_IRQHandler
                0x08008f08                I2C1_ER_IRQHandler
                0x08008f08                USBWakeUp_IRQHandler
 *fill*         0x08008f0a        0x2 
 .text.HAL_Init
                0x08008f0c       0x2c ./Drivers/STM32F1xx_HAL_Driver/Src/stm32f1xx_hal.o
                0x08008f0c                HAL_Init
 .text.HAL_InitTick
                0x08008f38       0x60 ./Drivers/STM32F1xx_HAL_Driver/Src/stm32f1xx_hal.o
                0x08008f38                HAL_InitTick
 .text.HAL_IncTick
                0x08008f98       0x24 ./Drivers/STM32F1xx_HAL_Driver/Src/stm32f1xx_hal.o
                0x08008f98                HAL_IncTick
 .text.HAL_GetTick
                0x08008fbc       0x14 ./Drivers/STM32F1xx_HAL_Driver/Src/stm32f1xx_hal.o
                0x08008fbc                HAL_GetTick
 .text.HAL_Delay
                0x08008fd0       0x48 ./Drivers/STM32F1xx_HAL_Driver/Src/stm32f1xx_hal.o
                0x08008fd0                HAL_Delay
 .text.HAL_CAN_Init
                0x08009018      0x1f6 ./Drivers/STM32F1xx_HAL_Driver/Src/stm32f1xx_hal_can.o
                0x08009018                HAL_CAN_Init
 .text.HAL_CAN_ConfigFilter
                0x0800920e      0x192 ./Drivers/STM32F1xx_HAL_Driver/Src/stm32f1xx_hal_can.o
                0x0800920e                HAL_CAN_ConfigFilter
 .text.HAL_CAN_Start
                0x080093a0       0x88 ./Drivers/STM32F1xx_HAL_Driver/Src/stm32f1xx_hal_can.o
                0x080093a0                HAL_CAN_Start
 .text.HAL_CAN_AddTxMessage
                0x08009428      0x19e ./Drivers/STM32F1xx_HAL_Driver/Src/stm32f1xx_hal_can.o
                0x08009428                HAL_CAN_AddTxMessage
 .text.HAL_CAN_IsTxMessagePending
                0x080095c6       0x46 ./Drivers/STM32F1xx_HAL_Driver/Src/stm32f1xx_hal_can.o
                0x080095c6                HAL_CAN_IsTxMessagePending
 .text.HAL_CAN_GetRxMessage
                0x0800960c      0x242 ./Drivers/STM32F1xx_HAL_Driver/Src/stm32f1xx_hal_can.o
                0x0800960c                HAL_CAN_GetRxMessage
 .text.HAL_CAN_ActivateNotification
                0x0800984e       0x4a ./Drivers/STM32F1xx_HAL_Driver/Src/stm32f1xx_hal_can.o
                0x0800984e                HAL_CAN_ActivateNotification
 .text.HAL_CAN_IRQHandler
                0x08009898      0x36e ./Drivers/STM32F1xx_HAL_Driver/Src/stm32f1xx_hal_can.o
                0x08009898                HAL_CAN_IRQHandler
 .text.HAL_CAN_TxMailbox0CompleteCallback
                0x08009c06       0x12 ./Drivers/STM32F1xx_HAL_Driver/Src/stm32f1xx_hal_can.o
                0x08009c06                HAL_CAN_TxMailbox0CompleteCallback
 .text.HAL_CAN_TxMailbox1CompleteCallback
                0x08009c18       0x12 ./Drivers/STM32F1xx_HAL_Driver/Src/stm32f1xx_hal_can.o
                0x08009c18                HAL_CAN_TxMailbox1CompleteCallback
 .text.HAL_CAN_TxMailbox2CompleteCallback
                0x08009c2a       0x12 ./Drivers/STM32F1xx_HAL_Driver/Src/stm32f1xx_hal_can.o
                0x08009c2a                HAL_CAN_TxMailbox2CompleteCallback
 .text.HAL_CAN_TxMailbox0AbortCallback
                0x08009c3c       0x12 ./Drivers/STM32F1xx_HAL_Driver/Src/stm32f1xx_hal_can.o
                0x08009c3c                HAL_CAN_TxMailbox0AbortCallback
 .text.HAL_CAN_TxMailbox1AbortCallback
                0x08009c4e       0x12 ./Drivers/STM32F1xx_HAL_Driver/Src/stm32f1xx_hal_can.o
                0x08009c4e                HAL_CAN_TxMailbox1AbortCallback
 .text.HAL_CAN_TxMailbox2AbortCallback
                0x08009c60       0x12 ./Drivers/STM32F1xx_HAL_Driver/Src/stm32f1xx_hal_can.o
                0x08009c60                HAL_CAN_TxMailbox2AbortCallback
 .text.HAL_CAN_RxFifo0FullCallback
                0x08009c72       0x12 ./Drivers/STM32F1xx_HAL_Driver/Src/stm32f1xx_hal_can.o
                0x08009c72                HAL_CAN_RxFifo0FullCallback
 .text.HAL_CAN_RxFifo1MsgPendingCallback
                0x08009c84       0x12 ./Drivers/STM32F1xx_HAL_Driver/Src/stm32f1xx_hal_can.o
                0x08009c84                HAL_CAN_RxFifo1MsgPendingCallback
 .text.HAL_CAN_RxFifo1FullCallback
                0x08009c96       0x12 ./Drivers/STM32F1xx_HAL_Driver/Src/stm32f1xx_hal_can.o
                0x08009c96                HAL_CAN_RxFifo1FullCallback
 .text.HAL_CAN_SleepCallback
                0x08009ca8       0x12 ./Drivers/STM32F1xx_HAL_Driver/Src/stm32f1xx_hal_can.o
                0x08009ca8                HAL_CAN_SleepCallback
 .text.HAL_CAN_WakeUpFromRxMsgCallback
                0x08009cba       0x12 ./Drivers/STM32F1xx_HAL_Driver/Src/stm32f1xx_hal_can.o
                0x08009cba                HAL_CAN_WakeUpFromRxMsgCallback
 .text.HAL_CAN_ErrorCallback
                0x08009ccc       0x12 ./Drivers/STM32F1xx_HAL_Driver/Src/stm32f1xx_hal_can.o
                0x08009ccc                HAL_CAN_ErrorCallback
 *fill*         0x08009cde        0x2 
 .text.__NVIC_SetPriorityGrouping
                0x08009ce0       0x48 ./Drivers/STM32F1xx_HAL_Driver/Src/stm32f1xx_hal_cortex.o
 .text.__NVIC_GetPriorityGrouping
                0x08009d28       0x1c ./Drivers/STM32F1xx_HAL_Driver/Src/stm32f1xx_hal_cortex.o
 .text.__NVIC_EnableIRQ
                0x08009d44       0x38 ./Drivers/STM32F1xx_HAL_Driver/Src/stm32f1xx_hal_cortex.o
 .text.__NVIC_SetPriority
                0x08009d7c       0x54 ./Drivers/STM32F1xx_HAL_Driver/Src/stm32f1xx_hal_cortex.o
 .text.NVIC_EncodePriority
                0x08009dd0       0x64 ./Drivers/STM32F1xx_HAL_Driver/Src/stm32f1xx_hal_cortex.o
 .text.SysTick_Config
                0x08009e34       0x44 ./Drivers/STM32F1xx_HAL_Driver/Src/stm32f1xx_hal_cortex.o
 .text.HAL_NVIC_SetPriorityGrouping
                0x08009e78       0x16 ./Drivers/STM32F1xx_HAL_Driver/Src/stm32f1xx_hal_cortex.o
                0x08009e78                HAL_NVIC_SetPriorityGrouping
 .text.HAL_NVIC_SetPriority
                0x08009e8e       0x38 ./Drivers/STM32F1xx_HAL_Driver/Src/stm32f1xx_hal_cortex.o
                0x08009e8e                HAL_NVIC_SetPriority
 .text.HAL_NVIC_EnableIRQ
                0x08009ec6       0x1c ./Drivers/STM32F1xx_HAL_Driver/Src/stm32f1xx_hal_cortex.o
                0x08009ec6                HAL_NVIC_EnableIRQ
 .text.HAL_SYSTICK_Config
                0x08009ee2       0x18 ./Drivers/STM32F1xx_HAL_Driver/Src/stm32f1xx_hal_cortex.o
                0x08009ee2                HAL_SYSTICK_Config
 *fill*         0x08009efa        0x2 
 .text.HAL_FLASH_Program
                0x08009efc       0xe0 ./Drivers/STM32F1xx_HAL_Driver/Src/stm32f1xx_hal_flash.o
                0x08009efc                HAL_FLASH_Program
 .text.HAL_FLASH_Unlock
                0x08009fdc       0x4c ./Drivers/STM32F1xx_HAL_Driver/Src/stm32f1xx_hal_flash.o
                0x08009fdc                HAL_FLASH_Unlock
 .text.HAL_FLASH_Lock
                0x0800a028       0x20 ./Drivers/STM32F1xx_HAL_Driver/Src/stm32f1xx_hal_flash.o
                0x0800a028                HAL_FLASH_Lock
 .text.FLASH_Program_HalfWord
                0x0800a048       0x38 ./Drivers/STM32F1xx_HAL_Driver/Src/stm32f1xx_hal_flash.o
 .text.FLASH_WaitForLastOperation
                0x0800a080       0x8c ./Drivers/STM32F1xx_HAL_Driver/Src/stm32f1xx_hal_flash.o
                0x0800a080                FLASH_WaitForLastOperation
 .text.FLASH_SetErrorCode
                0x0800a10c       0xa0 ./Drivers/STM32F1xx_HAL_Driver/Src/stm32f1xx_hal_flash.o
 .text.HAL_FLASHEx_Erase
                0x0800a1ac       0xd8 ./Drivers/STM32F1xx_HAL_Driver/Src/stm32f1xx_hal_flash_ex.o
                0x0800a1ac                HAL_FLASHEx_Erase
 .text.FLASH_MassErase
                0x0800a284       0x38 ./Drivers/STM32F1xx_HAL_Driver/Src/stm32f1xx_hal_flash_ex.o
 .text.FLASH_PageErase
                0x0800a2bc       0x40 ./Drivers/STM32F1xx_HAL_Driver/Src/stm32f1xx_hal_flash_ex.o
                0x0800a2bc                FLASH_PageErase
 .text.HAL_GPIO_Init
                0x0800a2fc      0x308 ./Drivers/STM32F1xx_HAL_Driver/Src/stm32f1xx_hal_gpio.o
                0x0800a2fc                HAL_GPIO_Init
 .text.HAL_GPIO_WritePin
                0x0800a604       0x30 ./Drivers/STM32F1xx_HAL_Driver/Src/stm32f1xx_hal_gpio.o
                0x0800a604                HAL_GPIO_WritePin
 .text.HAL_GPIO_EXTI_IRQHandler
                0x0800a634       0x30 ./Drivers/STM32F1xx_HAL_Driver/Src/stm32f1xx_hal_gpio.o
                0x0800a634                HAL_GPIO_EXTI_IRQHandler
 .text.HAL_GPIO_EXTI_Callback
                0x0800a664       0x14 ./Drivers/STM32F1xx_HAL_Driver/Src/stm32f1xx_hal_gpio.o
                0x0800a664                HAL_GPIO_EXTI_Callback
 .text.HAL_PWR_EnableBkUpAccess
                0x0800a678       0x18 ./Drivers/STM32F1xx_HAL_Driver/Src/stm32f1xx_hal_pwr.o
                0x0800a678                HAL_PWR_EnableBkUpAccess
 .text.HAL_RCC_OscConfig
                0x0800a690      0x504 ./Drivers/STM32F1xx_HAL_Driver/Src/stm32f1xx_hal_rcc.o
                0x0800a690                HAL_RCC_OscConfig
 .text.HAL_RCC_ClockConfig
                0x0800ab94      0x1d4 ./Drivers/STM32F1xx_HAL_Driver/Src/stm32f1xx_hal_rcc.o
                0x0800ab94                HAL_RCC_ClockConfig
 .text.HAL_RCC_GetSysClockFreq
                0x0800ad68       0xa8 ./Drivers/STM32F1xx_HAL_Driver/Src/stm32f1xx_hal_rcc.o
                0x0800ad68                HAL_RCC_GetSysClockFreq
 .text.HAL_RCC_GetHCLKFreq
                0x0800ae10       0x14 ./Drivers/STM32F1xx_HAL_Driver/Src/stm32f1xx_hal_rcc.o
                0x0800ae10                HAL_RCC_GetHCLKFreq
 .text.HAL_RCC_GetPCLK1Freq
                0x0800ae24       0x28 ./Drivers/STM32F1xx_HAL_Driver/Src/stm32f1xx_hal_rcc.o
                0x0800ae24                HAL_RCC_GetPCLK1Freq
 .text.HAL_RCC_GetPCLK2Freq
                0x0800ae4c       0x28 ./Drivers/STM32F1xx_HAL_Driver/Src/stm32f1xx_hal_rcc.o
                0x0800ae4c                HAL_RCC_GetPCLK2Freq
 .text.RCC_Delay
                0x0800ae74       0x3c ./Drivers/STM32F1xx_HAL_Driver/Src/stm32f1xx_hal_rcc.o
 .text.HAL_UART_Init
                0x0800aeb0       0xa0 ./Drivers/STM32F1xx_HAL_Driver/Src/stm32f1xx_hal_uart.o
                0x0800aeb0                HAL_UART_Init
 .text.HAL_UART_Transmit
                0x0800af50      0x116 ./Drivers/STM32F1xx_HAL_Driver/Src/stm32f1xx_hal_uart.o
                0x0800af50                HAL_UART_Transmit
 .text.UART_WaitOnFlagUntilTimeout
                0x0800b066       0xb2 ./Drivers/STM32F1xx_HAL_Driver/Src/stm32f1xx_hal_uart.o
 .text.UART_EndRxTransfer
                0x0800b118       0xc4 ./Drivers/STM32F1xx_HAL_Driver/Src/stm32f1xx_hal_uart.o
 .text.UART_SetConfig
                0x0800b1dc      0x11c ./Drivers/STM32F1xx_HAL_Driver/Src/stm32f1xx_hal_uart.o
 .text.memcmp   0x0800b2f8       0x20 C:/ST/STM32CubeIDE_1.17.0/STM32CubeIDE/plugins/com.st.stm32cube.ide.mcu.externaltools.gnu-tools-for-stm32.12.3.rel1.win32_1.1.0.202410251130/tools/bin/../lib/gcc/arm-none-eabi/12.3.1/../../../../arm-none-eabi/lib/thumb/v7-m/nofp\libc_nano.a(libc_a-memcmp.o)
                0x0800b2f8                memcmp
 .text.memset   0x0800b318       0x10 C:/ST/STM32CubeIDE_1.17.0/STM32CubeIDE/plugins/com.st.stm32cube.ide.mcu.externaltools.gnu-tools-for-stm32.12.3.rel1.win32_1.1.0.202410251130/tools/bin/../lib/gcc/arm-none-eabi/12.3.1/../../../../arm-none-eabi/lib/thumb/v7-m/nofp\libc_nano.a(libc_a-memset.o)
                0x0800b318                memset
 .text.__libc_init_array
                0x0800b328       0x48 C:/ST/STM32CubeIDE_1.17.0/STM32CubeIDE/plugins/com.st.stm32cube.ide.mcu.externaltools.gnu-tools-for-stm32.12.3.rel1.win32_1.1.0.202410251130/tools/bin/../lib/gcc/arm-none-eabi/12.3.1/../../../../arm-none-eabi/lib/thumb/v7-m/nofp\libc_nano.a(libc_a-init.o)
                0x0800b328                __libc_init_array
 .text.memcpy   0x0800b370       0x1c C:/ST/STM32CubeIDE_1.17.0/STM32CubeIDE/plugins/com.st.stm32cube.ide.mcu.externaltools.gnu-tools-for-stm32.12.3.rel1.win32_1.1.0.202410251130/tools/bin/../lib/gcc/arm-none-eabi/12.3.1/../../../../arm-none-eabi/lib/thumb/v7-m/nofp\libc_nano.a(libc_a-memcpy-stub.o)
                0x0800b370                memcpy
 *(.glue_7)
 .glue_7        0x0800b38c        0x0 linker stubs
 *(.glue_7t)
 .glue_7t       0x0800b38c        0x0 linker stubs
 *(.eh_frame)
 .eh_frame      0x0800b38c        0x0 C:/ST/STM32CubeIDE_1.17.0/STM32CubeIDE/plugins/com.st.stm32cube.ide.mcu.externaltools.gnu-tools-for-stm32.12.3.rel1.win32_1.1.0.202410251130/tools/bin/../lib/gcc/arm-none-eabi/12.3.1/thumb/v7-m/nofp/crtbegin.o
 *(.init)
 .init          0x0800b38c        0x4 C:/ST/STM32CubeIDE_1.17.0/STM32CubeIDE/plugins/com.st.stm32cube.ide.mcu.externaltools.gnu-tools-for-stm32.12.3.rel1.win32_1.1.0.202410251130/tools/bin/../lib/gcc/arm-none-eabi/12.3.1/thumb/v7-m/nofp/crti.o
                0x0800b38c                _init
 .init          0x0800b390        0x8 C:/ST/STM32CubeIDE_1.17.0/STM32CubeIDE/plugins/com.st.stm32cube.ide.mcu.externaltools.gnu-tools-for-stm32.12.3.rel1.win32_1.1.0.202410251130/tools/bin/../lib/gcc/arm-none-eabi/12.3.1/thumb/v7-m/nofp/crtn.o
 *(.fini)
 .fini          0x0800b398        0x4 C:/ST/STM32CubeIDE_1.17.0/STM32CubeIDE/plugins/com.st.stm32cube.ide.mcu.externaltools.gnu-tools-for-stm32.12.3.rel1.win32_1.1.0.202410251130/tools/bin/../lib/gcc/arm-none-eabi/12.3.1/thumb/v7-m/nofp/crti.o
                0x0800b398                _fini
 .fini          0x0800b39c        0x8 C:/ST/STM32CubeIDE_1.17.0/STM32CubeIDE/plugins/com.st.stm32cube.ide.mcu.externaltools.gnu-tools-for-stm32.12.3.rel1.win32_1.1.0.202410251130/tools/bin/../lib/gcc/arm-none-eabi/12.3.1/thumb/v7-m/nofp/crtn.o
                0x0800b3a4                        . = ALIGN (0x4)
                0x0800b3a4                        _etext = .

.vfp11_veneer   0x0800b3a4        0x0
 .vfp11_veneer  0x0800b3a4        0x0 linker stubs

.v4_bx          0x0800b3a4        0x0
 .v4_bx         0x0800b3a4        0x0 linker stubs

.iplt           0x0800b3a4        0x0
 .iplt          0x0800b3a4        0x0 C:/ST/STM32CubeIDE_1.17.0/STM32CubeIDE/plugins/com.st.stm32cube.ide.mcu.externaltools.gnu-tools-for-stm32.12.3.rel1.win32_1.1.0.202410251130/tools/bin/../lib/gcc/arm-none-eabi/12.3.1/thumb/v7-m/nofp/crtbegin.o

.rodata         0x0800b3a4       0x74
                0x0800b3a4                        . = ALIGN (0x4)
 *(.rodata)
 .rodata        0x0800b3a4       0x45 ./Core/Src/main.o
 *(.rodata*)
 *fill*         0x0800b3e9        0x3 
 .rodata.AHBPrescTable
                0x0800b3ec       0x10 ./Core/Src/system_stm32f1xx.o
                0x0800b3ec                AHBPrescTable
 .rodata.APBPrescTable
                0x0800b3fc        0x8 ./Core/Src/system_stm32f1xx.o
                0x0800b3fc                APBPrescTable
 .rodata.aPLLMULFactorTable.1
                0x0800b404       0x10 ./Drivers/STM32F1xx_HAL_Driver/Src/stm32f1xx_hal_rcc.o
 .rodata.aPredivFactorTable.0
                0x0800b414        0x2 ./Drivers/STM32F1xx_HAL_Driver/Src/stm32f1xx_hal_rcc.o
                0x0800b418                        . = ALIGN (0x4)
 *fill*         0x0800b416        0x2 

.ARM.extab      0x0800b418        0x0
                0x0800b418                        . = ALIGN (0x4)
 *(.ARM.extab* .gnu.linkonce.armextab.*)
                0x0800b418                        . = ALIGN (0x4)

.ARM            0x0800b418        0x0
                0x0800b418                        . = ALIGN (0x4)
                0x0800b418                        __exidx_start = .
 *(.ARM.exidx*)
                0x0800b418                        __exidx_end = .
                0x0800b418                        . = ALIGN (0x4)

.preinit_array  0x0800b418        0x0
                0x0800b418                        . = ALIGN (0x4)
                0x0800b418                        PROVIDE (__preinit_array_start = .)
 *(.preinit_array*)
                0x0800b418                        PROVIDE (__preinit_array_end = .)
                0x0800b418                        . = ALIGN (0x4)

.init_array     0x0800b418        0x4
                0x0800b418                        . = ALIGN (0x4)
                0x0800b418                        PROVIDE (__init_array_start = .)
 *(SORT_BY_NAME(.init_array.*))
 *(.init_array*)
 .init_array    0x0800b418        0x4 C:/ST/STM32CubeIDE_1.17.0/STM32CubeIDE/plugins/com.st.stm32cube.ide.mcu.externaltools.gnu-tools-for-stm32.12.3.rel1.win32_1.1.0.202410251130/tools/bin/../lib/gcc/arm-none-eabi/12.3.1/thumb/v7-m/nofp/crtbegin.o
                0x0800b41c                        PROVIDE (__init_array_end = .)
                0x0800b41c                        . = ALIGN (0x4)

.fini_array     0x0800b41c        0x4
                0x0800b41c                        . = ALIGN (0x4)
                [!provide]                        PROVIDE (__fini_array_start = .)
 *(SORT_BY_NAME(.fini_array.*))
 *(.fini_array*)
 .fini_array    0x0800b41c        0x4 C:/ST/STM32CubeIDE_1.17.0/STM32CubeIDE/plugins/com.st.stm32cube.ide.mcu.externaltools.gnu-tools-for-stm32.12.3.rel1.win32_1.1.0.202410251130/tools/bin/../lib/gcc/arm-none-eabi/12.3.1/thumb/v7-m/nofp/crtbegin.o
                [!provide]                        PROVIDE (__fini_array_end = .)
                0x0800b420                        . = ALIGN (0x4)
                0x0800b420                        _sidata = LOADADDR (.data)

.rel.dyn        0x0800b420        0x0
 .rel.iplt      0x0800b420        0x0 C:/ST/STM32CubeIDE_1.17.0/STM32CubeIDE/plugins/com.st.stm32cube.ide.mcu.externaltools.gnu-tools-for-stm32.12.3.rel1.win32_1.1.0.202410251130/tools/bin/../lib/gcc/arm-none-eabi/12.3.1/thumb/v7-m/nofp/crtbegin.o

.data           0x20000000       0x14 load address 0x0800b420
                0x20000000                        . = ALIGN (0x4)
                0x20000000                        _sdata = .
 *(.data)
 *(.data*)
 .data.command  0x20000000        0x8 ./Core/Src/main.o
                0x20000000                command
 .data.SystemCoreClock
                0x20000008        0x4 ./Core/Src/system_stm32f1xx.o
                0x20000008                SystemCoreClock
 .data.uwTickPrio
                0x2000000c        0x4 ./Drivers/STM32F1xx_HAL_Driver/Src/stm32f1xx_hal.o
                0x2000000c                uwTickPrio
 .data.uwTickFreq
                0x20000010        0x1 ./Drivers/STM32F1xx_HAL_Driver/Src/stm32f1xx_hal.o
                0x20000010                uwTickFreq
 *(.RamFunc)
 *(.RamFunc*)
                0x20000014                        . = ALIGN (0x4)
 *fill*         0x20000011        0x3 
                0x20000014                        _edata = .

.igot.plt       0x20000014        0x0 load address 0x0800b434
 .igot.plt      0x20000014        0x0 C:/ST/STM32CubeIDE_1.17.0/STM32CubeIDE/plugins/com.st.stm32cube.ide.mcu.externaltools.gnu-tools-for-stm32.12.3.rel1.win32_1.1.0.202410251130/tools/bin/../lib/gcc/arm-none-eabi/12.3.1/thumb/v7-m/nofp/crtbegin.o
                0x20000014                        . = ALIGN (0x4)

.bss            0x20000018     0x4910 load address 0x0800b434
                0x20000018                        _sbss = .
                0x20000018                        __bss_start__ = _sbss
 *(.bss)
 .bss           0x20000018       0x1c C:/ST/STM32CubeIDE_1.17.0/STM32CubeIDE/plugins/com.st.stm32cube.ide.mcu.externaltools.gnu-tools-for-stm32.12.3.rel1.win32_1.1.0.202410251130/tools/bin/../lib/gcc/arm-none-eabi/12.3.1/thumb/v7-m/nofp/crtbegin.o
 *(.bss*)
 .bss.hcan      0x20000034       0x28 ./Core/Src/can.o
                0x20000034                hcan
 .bss.TxHeader  0x2000005c       0x18 ./Core/Src/main.o
                0x2000005c                TxHeader
 .bss.TxData    0x20000074        0x8 ./Core/Src/main.o
                0x20000074                TxData
 .bss.TxMailbox
                0x2000007c        0x4 ./Core/Src/main.o
                0x2000007c                TxMailbox
 .bss.fwUpdateState
                0x20000080        0x1 ./Core/Src/main.o
                0x20000080                fwUpdateState
 .bss.fwUpdateRequested
                0x20000081        0x1 ./Core/Src/main.o
                0x20000081                fwUpdateRequested
 .bss.fwUpdateComplete
                0x20000082        0x1 ./Core/Src/main.o
                0x20000082                fwUpdateComplete
 *fill*         0x20000083        0x1 
 .bss.fwUpdateAddress
                0x20000084        0x4 ./Core/Src/main.o
                0x20000084                fwUpdateAddress
 .bss.fwUpdateSize
                0x20000088        0x4 ./Core/Src/main.o
                0x20000088                fwUpdateSize
 .bss.fwUpdateReceivedBytes
                0x2000008c        0x4 ./Core/Src/main.o
                0x2000008c                fwUpdateReceivedBytes
 .bss.LD2Counter
                0x20000090        0x1 ./Core/Src/main.o
                0x20000090                LD2Counter
 .bss.ledState  0x20000091        0x1 ./Core/Src/main.o
                0x20000091                ledState
 *fill*         0x20000092        0x2 
 .bss.messageBuffer
                0x20000094     0x4800 ./Core/Src/main.o
                0x20000094                messageBuffer
 .bss.messageBufferHead
                0x20004894        0x2 ./Core/Src/main.o
                0x20004894                messageBufferHead
 .bss.messageBufferTail
                0x20004896        0x2 ./Core/Src/main.o
                0x20004896                messageBufferTail
 .bss.txHeader  0x20004898       0x18 ./Core/Src/main.o
                0x20004898                txHeader
 .bss.txData    0x200048b0        0x8 ./Core/Src/main.o
                0x200048b0                txData
 .bss.txMailbox
                0x200048b8        0x4 ./Core/Src/main.o
                0x200048b8                txMailbox
 .bss.huart2    0x200048bc       0x48 ./Core/Src/usart.o
                0x200048bc                huart2
 .bss.uwTick    0x20004904        0x4 ./Drivers/STM32F1xx_HAL_Driver/Src/stm32f1xx_hal.o
                0x20004904                uwTick
 .bss.pFlash    0x20004908       0x20 ./Drivers/STM32F1xx_HAL_Driver/Src/stm32f1xx_hal_flash.o
                0x20004908                pFlash
 *(COMMON)
                0x20004928                        . = ALIGN (0x4)
                0x20004928                        _ebss = .
                0x20004928                        __bss_end__ = _ebss

._user_heap_stack
                0x20004928      0x600 load address 0x0800b434
                0x20004928                        . = ALIGN (0x8)
                [!provide]                        PROVIDE (end = .)
                0x20004928                        PROVIDE (_end = .)
                0x20004b28                        . = (. + _Min_Heap_Size)
 *fill*         0x20004928      0x200 
                0x20004f28                        . = (. + _Min_Stack_Size)
 *fill*         0x20004b28      0x400 
                0x20004f28                        . = ALIGN (0x8)

/DISCARD/
 libc.a(*)
 libm.a(*)
 libgcc.a(*)

.ARM.attributes
                0x00000000       0x29
 *(.ARM.attributes)
 .ARM.attributes
                0x00000000       0x1d C:/ST/STM32CubeIDE_1.17.0/STM32CubeIDE/plugins/com.st.stm32cube.ide.mcu.externaltools.gnu-tools-for-stm32.12.3.rel1.win32_1.1.0.202410251130/tools/bin/../lib/gcc/arm-none-eabi/12.3.1/thumb/v7-m/nofp/crti.o
 .ARM.attributes
                0x0000001d       0x2d C:/ST/STM32CubeIDE_1.17.0/STM32CubeIDE/plugins/com.st.stm32cube.ide.mcu.externaltools.gnu-tools-for-stm32.12.3.rel1.win32_1.1.0.202410251130/tools/bin/../lib/gcc/arm-none-eabi/12.3.1/thumb/v7-m/nofp/crtbegin.o
 .ARM.attributes
                0x0000004a       0x2d ./Core/Src/can.o
 .ARM.attributes
                0x00000077       0x2d ./Core/Src/gpio.o
 .ARM.attributes
                0x000000a4       0x2d ./Core/Src/main.o
 .ARM.attributes
                0x000000d1       0x2d ./Core/Src/stm32f1xx_hal_msp.o
 .ARM.attributes
                0x000000fe       0x2d ./Core/Src/stm32f1xx_it.o
 .ARM.attributes
                0x0000012b       0x2d ./Core/Src/system_stm32f1xx.o
 .ARM.attributes
                0x00000158       0x2d ./Core/Src/usart.o
 .ARM.attributes
                0x00000185       0x21 ./Core/Startup/startup_stm32f103rbtx.o
 .ARM.attributes
                0x000001a6       0x2d ./Drivers/STM32F1xx_HAL_Driver/Src/stm32f1xx_hal.o
 .ARM.attributes
                0x000001d3       0x2d ./Drivers/STM32F1xx_HAL_Driver/Src/stm32f1xx_hal_can.o
 .ARM.attributes
                0x00000200       0x2d ./Drivers/STM32F1xx_HAL_Driver/Src/stm32f1xx_hal_cortex.o
 .ARM.attributes
                0x0000022d       0x2d ./Drivers/STM32F1xx_HAL_Driver/Src/stm32f1xx_hal_flash.o
 .ARM.attributes
                0x0000025a       0x2d ./Drivers/STM32F1xx_HAL_Driver/Src/stm32f1xx_hal_flash_ex.o
 .ARM.attributes
                0x00000287       0x2d ./Drivers/STM32F1xx_HAL_Driver/Src/stm32f1xx_hal_gpio.o
 .ARM.attributes
                0x000002b4       0x2d ./Drivers/STM32F1xx_HAL_Driver/Src/stm32f1xx_hal_pwr.o
 .ARM.attributes
                0x000002e1       0x2d ./Drivers/STM32F1xx_HAL_Driver/Src/stm32f1xx_hal_rcc.o
 .ARM.attributes
                0x0000030e       0x2d ./Drivers/STM32F1xx_HAL_Driver/Src/stm32f1xx_hal_uart.o
 .ARM.attributes
                0x0000033b       0x2d C:/ST/STM32CubeIDE_1.17.0/STM32CubeIDE/plugins/com.st.stm32cube.ide.mcu.externaltools.gnu-tools-for-stm32.12.3.rel1.win32_1.1.0.202410251130/tools/bin/../lib/gcc/arm-none-eabi/12.3.1/../../../../arm-none-eabi/lib/thumb/v7-m/nofp\libc_nano.a(libc_a-memcmp.o)
 .ARM.attributes
                0x00000368       0x2d C:/ST/STM32CubeIDE_1.17.0/STM32CubeIDE/plugins/com.st.stm32cube.ide.mcu.externaltools.gnu-tools-for-stm32.12.3.rel1.win32_1.1.0.202410251130/tools/bin/../lib/gcc/arm-none-eabi/12.3.1/../../../../arm-none-eabi/lib/thumb/v7-m/nofp\libc_nano.a(libc_a-memset.o)
 .ARM.attributes
                0x00000395       0x2d C:/ST/STM32CubeIDE_1.17.0/STM32CubeIDE/plugins/com.st.stm32cube.ide.mcu.externaltools.gnu-tools-for-stm32.12.3.rel1.win32_1.1.0.202410251130/tools/bin/../lib/gcc/arm-none-eabi/12.3.1/../../../../arm-none-eabi/lib/thumb/v7-m/nofp\libc_nano.a(libc_a-init.o)
 .ARM.attributes
                0x000003c2       0x2d C:/ST/STM32CubeIDE_1.17.0/STM32CubeIDE/plugins/com.st.stm32cube.ide.mcu.externaltools.gnu-tools-for-stm32.12.3.rel1.win32_1.1.0.202410251130/tools/bin/../lib/gcc/arm-none-eabi/12.3.1/../../../../arm-none-eabi/lib/thumb/v7-m/nofp\libc_nano.a(libc_a-memcpy-stub.o)
 .ARM.attributes
                0x000003ef       0x1d C:/ST/STM32CubeIDE_1.17.0/STM32CubeIDE/plugins/com.st.stm32cube.ide.mcu.externaltools.gnu-tools-for-stm32.12.3.rel1.win32_1.1.0.202410251130/tools/bin/../lib/gcc/arm-none-eabi/12.3.1/thumb/v7-m/nofp/crtn.o
OUTPUT(PART_A.elf elf32-littlearm)
LOAD linker stubs
LOAD C:/ST/STM32CubeIDE_1.17.0/STM32CubeIDE/plugins/com.st.stm32cube.ide.mcu.externaltools.gnu-tools-for-stm32.12.3.rel1.win32_1.1.0.202410251130/tools/bin/../lib/gcc/arm-none-eabi/12.3.1/../../../../arm-none-eabi/lib/thumb/v7-m/nofp\libc.a
LOAD C:/ST/STM32CubeIDE_1.17.0/STM32CubeIDE/plugins/com.st.stm32cube.ide.mcu.externaltools.gnu-tools-for-stm32.12.3.rel1.win32_1.1.0.202410251130/tools/bin/../lib/gcc/arm-none-eabi/12.3.1/../../../../arm-none-eabi/lib/thumb/v7-m/nofp\libm.a
LOAD C:/ST/STM32CubeIDE_1.17.0/STM32CubeIDE/plugins/com.st.stm32cube.ide.mcu.externaltools.gnu-tools-for-stm32.12.3.rel1.win32_1.1.0.202410251130/tools/bin/../lib/gcc/arm-none-eabi/12.3.1/thumb/v7-m/nofp\libgcc.a

.debug_info     0x00000000     0xa741
 .debug_info    0x00000000      0x880 ./Core/Src/can.o
 .debug_info    0x00000880      0x44e ./Core/Src/gpio.o
 .debug_info    0x00000cce     0x19ab ./Core/Src/main.o
 .debug_info    0x00002679      0x1f1 ./Core/Src/stm32f1xx_hal_msp.o
 .debug_info    0x0000286a      0x54b ./Core/Src/stm32f1xx_it.o
 .debug_info    0x00002db5      0x222 ./Core/Src/system_stm32f1xx.o
 .debug_info    0x00002fd7      0x798 ./Core/Src/usart.o
 .debug_info    0x0000376f       0x30 ./Core/Startup/startup_stm32f103rbtx.o
 .debug_info    0x0000379f      0x704 ./Drivers/STM32F1xx_HAL_Driver/Src/stm32f1xx_hal.o
 .debug_info    0x00003ea3      0xf13 ./Drivers/STM32F1xx_HAL_Driver/Src/stm32f1xx_hal_can.o
 .debug_info    0x00004db6      0xa87 ./Drivers/STM32F1xx_HAL_Driver/Src/stm32f1xx_hal_cortex.o
 .debug_info    0x0000583d      0x4f8 ./Drivers/STM32F1xx_HAL_Driver/Src/stm32f1xx_hal_flash.o
 .debug_info    0x00005d35      0x777 ./Drivers/STM32F1xx_HAL_Driver/Src/stm32f1xx_hal_flash_ex.o
 .debug_info    0x000064ac      0x5ab ./Drivers/STM32F1xx_HAL_Driver/Src/stm32f1xx_hal_gpio.o
 .debug_info    0x00006a57      0x628 ./Drivers/STM32F1xx_HAL_Driver/Src/stm32f1xx_hal_pwr.o
 .debug_info    0x0000707f      0x7d5 ./Drivers/STM32F1xx_HAL_Driver/Src/stm32f1xx_hal_rcc.o
 .debug_info    0x00007854     0x2eed ./Drivers/STM32F1xx_HAL_Driver/Src/stm32f1xx_hal_uart.o

.debug_abbrev   0x00000000     0x21eb
 .debug_abbrev  0x00000000      0x232 ./Core/Src/can.o
 .debug_abbrev  0x00000232      0x161 ./Core/Src/gpio.o
 .debug_abbrev  0x00000393      0x38c ./Core/Src/main.o
 .debug_abbrev  0x0000071f       0xdb ./Core/Src/stm32f1xx_hal_msp.o
 .debug_abbrev  0x000007fa      0x191 ./Core/Src/stm32f1xx_it.o
 .debug_abbrev  0x0000098b      0x13f ./Core/Src/system_stm32f1xx.o
 .debug_abbrev  0x00000aca      0x1e6 ./Core/Src/usart.o
 .debug_abbrev  0x00000cb0       0x24 ./Core/Startup/startup_stm32f103rbtx.o
 .debug_abbrev  0x00000cd4      0x201 ./Drivers/STM32F1xx_HAL_Driver/Src/stm32f1xx_hal.o
 .debug_abbrev  0x00000ed5      0x21c ./Drivers/STM32F1xx_HAL_Driver/Src/stm32f1xx_hal_can.o
 .debug_abbrev  0x000010f1      0x2f8 ./Drivers/STM32F1xx_HAL_Driver/Src/stm32f1xx_hal_cortex.o
 .debug_abbrev  0x000013e9      0x250 ./Drivers/STM32F1xx_HAL_Driver/Src/stm32f1xx_hal_flash.o
 .debug_abbrev  0x00001639      0x247 ./Drivers/STM32F1xx_HAL_Driver/Src/stm32f1xx_hal_flash_ex.o
 .debug_abbrev  0x00001880      0x1ca ./Drivers/STM32F1xx_HAL_Driver/Src/stm32f1xx_hal_gpio.o
 .debug_abbrev  0x00001a4a      0x1f6 ./Drivers/STM32F1xx_HAL_Driver/Src/stm32f1xx_hal_pwr.o
 .debug_abbrev  0x00001c40      0x2b3 ./Drivers/STM32F1xx_HAL_Driver/Src/stm32f1xx_hal_rcc.o
 .debug_abbrev  0x00001ef3      0x2f8 ./Drivers/STM32F1xx_HAL_Driver/Src/stm32f1xx_hal_uart.o

.debug_aranges  0x00000000      0x9e8
 .debug_aranges
                0x00000000       0x30 ./Core/Src/can.o
 .debug_aranges
                0x00000030       0x20 ./Core/Src/gpio.o
 .debug_aranges
                0x00000050       0xb0 ./Core/Src/main.o
 .debug_aranges
                0x00000100       0x20 ./Core/Src/stm32f1xx_hal_msp.o
 .debug_aranges
                0x00000120       0x78 ./Core/Src/stm32f1xx_it.o
 .debug_aranges
                0x00000198       0x28 ./Core/Src/system_stm32f1xx.o
 .debug_aranges
                0x000001c0       0x30 ./Core/Src/usart.o
 .debug_aranges
                0x000001f0       0x28 ./Core/Startup/startup_stm32f103rbtx.o
 .debug_aranges
                0x00000218       0xe0 ./Drivers/STM32F1xx_HAL_Driver/Src/stm32f1xx_hal.o
 .debug_aranges
                0x000002f8      0x138 ./Drivers/STM32F1xx_HAL_Driver/Src/stm32f1xx_hal_can.o
 .debug_aranges
                0x00000430      0x100 ./Drivers/STM32F1xx_HAL_Driver/Src/stm32f1xx_hal_cortex.o
 .debug_aranges
                0x00000530       0x88 ./Drivers/STM32F1xx_HAL_Driver/Src/stm32f1xx_hal_flash.o
 .debug_aranges
                0x000005b8       0x98 ./Drivers/STM32F1xx_HAL_Driver/Src/stm32f1xx_hal_flash_ex.o
 .debug_aranges
                0x00000650       0x58 ./Drivers/STM32F1xx_HAL_Driver/Src/stm32f1xx_hal_gpio.o
 .debug_aranges
                0x000006a8       0xa8 ./Drivers/STM32F1xx_HAL_Driver/Src/stm32f1xx_hal_pwr.o
 .debug_aranges
                0x00000750       0x90 ./Drivers/STM32F1xx_HAL_Driver/Src/stm32f1xx_hal_rcc.o
 .debug_aranges
                0x000007e0      0x208 ./Drivers/STM32F1xx_HAL_Driver/Src/stm32f1xx_hal_uart.o

.debug_rnglists
                0x00000000      0x77a
 .debug_rnglists
                0x00000000       0x21 ./Core/Src/can.o
 .debug_rnglists
                0x00000021       0x14 ./Core/Src/gpio.o
 .debug_rnglists
                0x00000035       0x86 ./Core/Src/main.o
 .debug_rnglists
                0x000000bb       0x13 ./Core/Src/stm32f1xx_hal_msp.o
 .debug_rnglists
                0x000000ce       0x55 ./Core/Src/stm32f1xx_it.o
 .debug_rnglists
                0x00000123       0x1a ./Core/Src/system_stm32f1xx.o
 .debug_rnglists
                0x0000013d       0x1f ./Core/Src/usart.o
 .debug_rnglists
                0x0000015c       0x19 ./Core/Startup/startup_stm32f103rbtx.o
 .debug_rnglists
                0x00000175       0xa3 ./Drivers/STM32F1xx_HAL_Driver/Src/stm32f1xx_hal.o
 .debug_rnglists
                0x00000218       0xed ./Drivers/STM32F1xx_HAL_Driver/Src/stm32f1xx_hal_can.o
 .debug_rnglists
                0x00000305       0xbb ./Drivers/STM32F1xx_HAL_Driver/Src/stm32f1xx_hal_cortex.o
 .debug_rnglists
                0x000003c0       0x66 ./Drivers/STM32F1xx_HAL_Driver/Src/stm32f1xx_hal_flash.o
 .debug_rnglists
                0x00000426       0x73 ./Drivers/STM32F1xx_HAL_Driver/Src/stm32f1xx_hal_flash_ex.o
 .debug_rnglists
                0x00000499       0x3f ./Drivers/STM32F1xx_HAL_Driver/Src/stm32f1xx_hal_gpio.o
 .debug_rnglists
                0x000004d8       0x7a ./Drivers/STM32F1xx_HAL_Driver/Src/stm32f1xx_hal_pwr.o
 .debug_rnglists
                0x00000552       0x6c ./Drivers/STM32F1xx_HAL_Driver/Src/stm32f1xx_hal_rcc.o
 .debug_rnglists
                0x000005be      0x1bc ./Drivers/STM32F1xx_HAL_Driver/Src/stm32f1xx_hal_uart.o

.debug_macro    0x00000000    0x17953
 .debug_macro   0x00000000      0x1b1 ./Core/Src/can.o
 .debug_macro   0x000001b1      0xaa8 ./Core/Src/can.o
 .debug_macro   0x00000c59      0x21b ./Core/Src/can.o
 .debug_macro   0x00000e74       0x2e ./Core/Src/can.o
 .debug_macro   0x00000ea2       0x22 ./Core/Src/can.o
 .debug_macro   0x00000ec4       0x22 ./Core/Src/can.o
 .debug_macro   0x00000ee6       0x8e ./Core/Src/can.o
 .debug_macro   0x00000f74       0x51 ./Core/Src/can.o
 .debug_macro   0x00000fc5      0x103 ./Core/Src/can.o
 .debug_macro   0x000010c8       0x6a ./Core/Src/can.o
 .debug_macro   0x00001132      0x1df ./Core/Src/can.o
 .debug_macro   0x00001311       0x1c ./Core/Src/can.o
 .debug_macro   0x0000132d       0x22 ./Core/Src/can.o
 .debug_macro   0x0000134f       0xbd ./Core/Src/can.o
 .debug_macro   0x0000140c      0xd23 ./Core/Src/can.o
 .debug_macro   0x0000212f     0xe09e ./Core/Src/can.o
 .debug_macro   0x000101cd       0x6d ./Core/Src/can.o
 .debug_macro   0x0001023a     0x34a2 ./Core/Src/can.o
 .debug_macro   0x000136dc      0x189 ./Core/Src/can.o
 .debug_macro   0x00013865       0x5c ./Core/Src/can.o
 .debug_macro   0x000138c1      0x5bc ./Core/Src/can.o
 .debug_macro   0x00013e7d      0x289 ./Core/Src/can.o
 .debug_macro   0x00014106      0x1cb ./Core/Src/can.o
 .debug_macro   0x000142d1      0x114 ./Core/Src/can.o
 .debug_macro   0x000143e5      0x1b2 ./Core/Src/can.o
 .debug_macro   0x00014597       0x27 ./Core/Src/can.o
 .debug_macro   0x000145be      0x136 ./Core/Src/can.o
 .debug_macro   0x000146f4      0x1bc ./Core/Src/can.o
 .debug_macro   0x000148b0       0x34 ./Core/Src/can.o
 .debug_macro   0x000148e4       0x3c ./Core/Src/can.o
 .debug_macro   0x00014920      0x408 ./Core/Src/can.o
 .debug_macro   0x00014d28       0x57 ./Core/Src/can.o
 .debug_macro   0x00014d7f       0x87 ./Core/Src/can.o
 .debug_macro   0x00014e06      0x240 ./Core/Src/can.o
 .debug_macro   0x00015046      0x140 ./Core/Src/can.o
 .debug_macro   0x00015186      0x28e ./Core/Src/can.o
 .debug_macro   0x00015414       0x83 ./Core/Src/can.o
 .debug_macro   0x00015497       0x5e ./Core/Src/can.o
 .debug_macro   0x000154f5      0x1b1 ./Core/Src/gpio.o
 .debug_macro   0x000156a6      0x30d ./Core/Src/main.o
 .debug_macro   0x000159b3       0x61 ./Core/Src/main.o
 .debug_macro   0x00015a14       0x24 ./Core/Src/main.o
 .debug_macro   0x00015a38       0x43 ./Core/Src/main.o
 .debug_macro   0x00015a7b       0x34 ./Core/Src/main.o
 .debug_macro   0x00015aaf       0x16 ./Core/Src/main.o
 .debug_macro   0x00015ac5       0x43 ./Core/Src/main.o
 .debug_macro   0x00015b08       0x34 ./Core/Src/main.o
 .debug_macro   0x00015b3c       0x10 ./Core/Src/main.o
 .debug_macro   0x00015b4c       0x58 ./Core/Src/main.o
 .debug_macro   0x00015ba4       0x8e ./Core/Src/main.o
 .debug_macro   0x00015c32       0x1c ./Core/Src/main.o
 .debug_macro   0x00015c4e      0x177 ./Core/Src/main.o
 .debug_macro   0x00015dc5      0x369 ./Core/Src/main.o
 .debug_macro   0x0001612e       0x10 ./Core/Src/main.o
 .debug_macro   0x0001613e       0x35 ./Core/Src/main.o
 .debug_macro   0x00016173       0x20 ./Core/Src/main.o
 .debug_macro   0x00016193       0x1c ./Core/Src/main.o
 .debug_macro   0x000161af       0x10 ./Core/Src/main.o
 .debug_macro   0x000161bf       0x1c ./Core/Src/main.o
 .debug_macro   0x000161db       0x16 ./Core/Src/main.o
 .debug_macro   0x000161f1      0x146 ./Core/Src/main.o
 .debug_macro   0x00016337      0x1a7 ./Core/Src/stm32f1xx_hal_msp.o
 .debug_macro   0x000164de      0x1b1 ./Core/Src/stm32f1xx_it.o
 .debug_macro   0x0001668f      0x198 ./Core/Src/system_stm32f1xx.o
 .debug_macro   0x00016827      0x1b1 ./Core/Src/usart.o
 .debug_macro   0x000169d8      0x1bc ./Drivers/STM32F1xx_HAL_Driver/Src/stm32f1xx_hal.o
 .debug_macro   0x00016b94      0x1a7 ./Drivers/STM32F1xx_HAL_Driver/Src/stm32f1xx_hal_can.o
 .debug_macro   0x00016d3b      0x198 ./Drivers/STM32F1xx_HAL_Driver/Src/stm32f1xx_hal_cortex.o
 .debug_macro   0x00016ed3      0x198 ./Drivers/STM32F1xx_HAL_Driver/Src/stm32f1xx_hal_flash.o
 .debug_macro   0x0001706b      0x1aa ./Drivers/STM32F1xx_HAL_Driver/Src/stm32f1xx_hal_flash_ex.o
 .debug_macro   0x00017215      0x203 ./Drivers/STM32F1xx_HAL_Driver/Src/stm32f1xx_hal_gpio.o
 .debug_macro   0x00017418      0x1f8 ./Drivers/STM32F1xx_HAL_Driver/Src/stm32f1xx_hal_pwr.o
 .debug_macro   0x00017610      0x1aa ./Drivers/STM32F1xx_HAL_Driver/Src/stm32f1xx_hal_rcc.o
 .debug_macro   0x000177ba      0x199 ./Drivers/STM32F1xx_HAL_Driver/Src/stm32f1xx_hal_uart.o

.debug_line     0x00000000     0xbf0d
 .debug_line    0x00000000      0x75d ./Core/Src/can.o
 .debug_line    0x0000075d      0x6fe ./Core/Src/gpio.o
 .debug_line    0x00000e5b      0xd6e ./Core/Src/main.o
 .debug_line    0x00001bc9      0x6e3 ./Core/Src/stm32f1xx_hal_msp.o
 .debug_line    0x000022ac      0x7ed ./Core/Src/stm32f1xx_it.o
 .debug_line    0x00002a99      0x761 ./Core/Src/system_stm32f1xx.o
 .debug_line    0x000031fa      0x748 ./Core/Src/usart.o
 .debug_line    0x00003942       0x78 ./Core/Startup/startup_stm32f103rbtx.o
 .debug_line    0x000039ba      0x98e ./Drivers/STM32F1xx_HAL_Driver/Src/stm32f1xx_hal.o
 .debug_line    0x00004348     0x1170 ./Drivers/STM32F1xx_HAL_Driver/Src/stm32f1xx_hal_can.o
 .debug_line    0x000054b8      0xb7a ./Drivers/STM32F1xx_HAL_Driver/Src/stm32f1xx_hal_cortex.o
 .debug_line    0x00006032      0xa59 ./Drivers/STM32F1xx_HAL_Driver/Src/stm32f1xx_hal_flash.o
 .debug_line    0x00006a8b      0xb47 ./Drivers/STM32F1xx_HAL_Driver/Src/stm32f1xx_hal_flash_ex.o
 .debug_line    0x000075d2      0xa27 ./Drivers/STM32F1xx_HAL_Driver/Src/stm32f1xx_hal_gpio.o
 .debug_line    0x00007ff9      0x910 ./Drivers/STM32F1xx_HAL_Driver/Src/stm32f1xx_hal_pwr.o
 .debug_line    0x00008909      0xd97 ./Drivers/STM32F1xx_HAL_Driver/Src/stm32f1xx_hal_rcc.o
 .debug_line    0x000096a0     0x286d ./Drivers/STM32F1xx_HAL_Driver/Src/stm32f1xx_hal_uart.o

.debug_str      0x00000000    0x853e6
 .debug_str     0x00000000    0x7eed6 ./Core/Src/can.o
                              0x7f2bc (size before relaxing)
 .debug_str     0x0007eed6       0x68 ./Core/Src/gpio.o
                              0x7efd2 (size before relaxing)
 .debug_str     0x0007ef3e     0x4346 ./Core/Src/main.o
                              0x8363e (size before relaxing)
 .debug_str     0x00083284       0x2c ./Core/Src/stm32f1xx_hal_msp.o
                              0x7ec53 (size before relaxing)
 .debug_str     0x000832b0      0x11e ./Core/Src/stm32f1xx_it.o
                              0x7ef8b (size before relaxing)
 .debug_str     0x000833ce       0x7e ./Core/Src/system_stm32f1xx.o
                              0x7eb3c (size before relaxing)
 .debug_str     0x0008344c       0x51 ./Core/Src/usart.o
                              0x7f113 (size before relaxing)
 .debug_str     0x0008349d       0x44 ./Core/Startup/startup_stm32f103rbtx.o
                                 0x63 (size before relaxing)
 .debug_str     0x000834e1      0x384 ./Drivers/STM32F1xx_HAL_Driver/Src/stm32f1xx_hal.o
                              0x7f26f (size before relaxing)
 .debug_str     0x00083865      0x3e0 ./Drivers/STM32F1xx_HAL_Driver/Src/stm32f1xx_hal_can.o
                              0x7f344 (size before relaxing)
 .debug_str     0x00083c45      0x212 ./Drivers/STM32F1xx_HAL_Driver/Src/stm32f1xx_hal_cortex.o
                              0x7f1bb (size before relaxing)
 .debug_str     0x00083e57      0x259 ./Drivers/STM32F1xx_HAL_Driver/Src/stm32f1xx_hal_flash.o
                              0x7ee17 (size before relaxing)
 .debug_str     0x000840b0      0x314 ./Drivers/STM32F1xx_HAL_Driver/Src/stm32f1xx_hal_flash_ex.o
                              0x7efc5 (size before relaxing)
 .debug_str     0x000843c4      0x2cd ./Drivers/STM32F1xx_HAL_Driver/Src/stm32f1xx_hal_gpio.o
                              0x7eec2 (size before relaxing)
 .debug_str     0x00084691      0x4e7 ./Drivers/STM32F1xx_HAL_Driver/Src/stm32f1xx_hal_pwr.o
                              0x7f073 (size before relaxing)
 .debug_str     0x00084b78      0x21d ./Drivers/STM32F1xx_HAL_Driver/Src/stm32f1xx_hal_rcc.o
                              0x7ef6b (size before relaxing)
 .debug_str     0x00084d95      0x651 ./Drivers/STM32F1xx_HAL_Driver/Src/stm32f1xx_hal_uart.o
                              0x7f5dc (size before relaxing)

.comment        0x00000000       0x43
 .comment       0x00000000       0x43 ./Core/Src/can.o
                                 0x44 (size before relaxing)
 .comment       0x00000043       0x44 ./Core/Src/gpio.o
 .comment       0x00000043       0x44 ./Core/Src/main.o
 .comment       0x00000043       0x44 ./Core/Src/stm32f1xx_hal_msp.o
 .comment       0x00000043       0x44 ./Core/Src/stm32f1xx_it.o
 .comment       0x00000043       0x44 ./Core/Src/system_stm32f1xx.o
 .comment       0x00000043       0x44 ./Core/Src/usart.o
 .comment       0x00000043       0x44 ./Drivers/STM32F1xx_HAL_Driver/Src/stm32f1xx_hal.o
 .comment       0x00000043       0x44 ./Drivers/STM32F1xx_HAL_Driver/Src/stm32f1xx_hal_can.o
 .comment       0x00000043       0x44 ./Drivers/STM32F1xx_HAL_Driver/Src/stm32f1xx_hal_cortex.o
 .comment       0x00000043       0x44 ./Drivers/STM32F1xx_HAL_Driver/Src/stm32f1xx_hal_flash.o
 .comment       0x00000043       0x44 ./Drivers/STM32F1xx_HAL_Driver/Src/stm32f1xx_hal_flash_ex.o
 .comment       0x00000043       0x44 ./Drivers/STM32F1xx_HAL_Driver/Src/stm32f1xx_hal_gpio.o
 .comment       0x00000043       0x44 ./Drivers/STM32F1xx_HAL_Driver/Src/stm32f1xx_hal_pwr.o
 .comment       0x00000043       0x44 ./Drivers/STM32F1xx_HAL_Driver/Src/stm32f1xx_hal_rcc.o
 .comment       0x00000043       0x44 ./Drivers/STM32F1xx_HAL_Driver/Src/stm32f1xx_hal_uart.o

.debug_frame    0x00000000     0x26a4
 .debug_frame   0x00000000       0x7c ./Core/Src/can.o
 .debug_frame   0x0000007c       0x34 ./Core/Src/gpio.o
 .debug_frame   0x000000b0      0x284 ./Core/Src/main.o
 .debug_frame   0x00000334       0x38 ./Core/Src/stm32f1xx_hal_msp.o
 .debug_frame   0x0000036c      0x158 ./Core/Src/stm32f1xx_it.o
 .debug_frame   0x000004c4       0x58 ./Core/Src/system_stm32f1xx.o
 .debug_frame   0x0000051c       0x74 ./Core/Src/usart.o
 .debug_frame   0x00000590      0x334 ./Drivers/STM32F1xx_HAL_Driver/Src/stm32f1xx_hal.o
 .debug_frame   0x000008c4      0x5a0 ./Drivers/STM32F1xx_HAL_Driver/Src/stm32f1xx_hal_can.o
 .debug_frame   0x00000e64      0x428 ./Drivers/STM32F1xx_HAL_Driver/Src/stm32f1xx_hal_cortex.o
 .debug_frame   0x0000128c      0x20c ./Drivers/STM32F1xx_HAL_Driver/Src/stm32f1xx_hal_flash.o
 .debug_frame   0x00001498      0x258 ./Drivers/STM32F1xx_HAL_Driver/Src/stm32f1xx_hal_flash_ex.o
 .debug_frame   0x000016f0      0x14c ./Drivers/STM32F1xx_HAL_Driver/Src/stm32f1xx_hal_gpio.o
 .debug_frame   0x0000183c      0x270 ./Drivers/STM32F1xx_HAL_Driver/Src/stm32f1xx_hal_pwr.o
 .debug_frame   0x00001aac      0x218 ./Drivers/STM32F1xx_HAL_Driver/Src/stm32f1xx_hal_rcc.o
 .debug_frame   0x00001cc4      0x944 ./Drivers/STM32F1xx_HAL_Driver/Src/stm32f1xx_hal_uart.o
 .debug_frame   0x00002608       0x28 C:/ST/STM32CubeIDE_1.17.0/STM32CubeIDE/plugins/com.st.stm32cube.ide.mcu.externaltools.gnu-tools-for-stm32.12.3.rel1.win32_1.1.0.202410251130/tools/bin/../lib/gcc/arm-none-eabi/12.3.1/../../../../arm-none-eabi/lib/thumb/v7-m/nofp\libc_nano.a(libc_a-memcmp.o)
 .debug_frame   0x00002630       0x20 C:/ST/STM32CubeIDE_1.17.0/STM32CubeIDE/plugins/com.st.stm32cube.ide.mcu.externaltools.gnu-tools-for-stm32.12.3.rel1.win32_1.1.0.202410251130/tools/bin/../lib/gcc/arm-none-eabi/12.3.1/../../../../arm-none-eabi/lib/thumb/v7-m/nofp\libc_nano.a(libc_a-memset.o)
 .debug_frame   0x00002650       0x2c C:/ST/STM32CubeIDE_1.17.0/STM32CubeIDE/plugins/com.st.stm32cube.ide.mcu.externaltools.gnu-tools-for-stm32.12.3.rel1.win32_1.1.0.202410251130/tools/bin/../lib/gcc/arm-none-eabi/12.3.1/../../../../arm-none-eabi/lib/thumb/v7-m/nofp\libc_nano.a(libc_a-init.o)
 .debug_frame   0x0000267c       0x28 C:/ST/STM32CubeIDE_1.17.0/STM32CubeIDE/plugins/com.st.stm32cube.ide.mcu.externaltools.gnu-tools-for-stm32.12.3.rel1.win32_1.1.0.202410251130/tools/bin/../lib/gcc/arm-none-eabi/12.3.1/../../../../arm-none-eabi/lib/thumb/v7-m/nofp\libc_nano.a(libc_a-memcpy-stub.o)

.debug_line_str
                0x00000000       0x47
 .debug_line_str
                0x00000000       0x47 ./Core/Startup/startup_stm32f103rbtx.o
